BL51 BANKED LINKER/LOCATER V6.22                                                        10/09/2015  16:50:11  PAGE 1


BL51 BANKED LINKER/LOCATER V6.22, INVOKED BY:
E:\KEIL\C51\BIN\BL51.EXE STARTUP.obj, ¼¤¹âµñ¿Ì¼æÐ´×Ö»úÆ÷ÏÂÎ»»ú³ÌÐòfinal_²âÊÔ°æ.obj TO ¼¤¹âµñ¿Ì¼æÐ´×Ö»úÆ÷ÏÂÎ»»ú³ÌÐòfinal_
>> ²âÊÔ°æ RAMSIZE (256)


MEMORY MODEL: SMALL WITH FLOATING POINT ARITHMETIC


INPUT MODULES INCLUDED:
  STARTUP.obj (?C_STARTUP)
  ¼¤¹âµñ¿Ì¼æÐ´×Ö»úÆ÷ÏÂÎ»»ú³ÌÐòfinal_²âÊÔ°æ.obj (____________________________FINAL_______)
  E:\KEIL\C51\LIB\C51FPS.LIB (?C?FPADD)
  E:\KEIL\C51\LIB\C51FPS.LIB (?C?FPMUL)
  E:\KEIL\C51\LIB\C51FPS.LIB (?C?FPDIV)
  E:\KEIL\C51\LIB\C51FPS.LIB (?C?FPCMP)
  E:\KEIL\C51\LIB\C51FPS.LIB (?C?FCAST)
  E:\KEIL\C51\LIB\C51FPS.LIB (?C?CASTF)
  E:\KEIL\C51\LIB\C51FPS.LIB (FABS)
  E:\KEIL\C51\LIB\C51FPS.LIB (SQRT)
  E:\KEIL\C51\LIB\C51FPS.LIB (?C?FPGETOPN)
  E:\KEIL\C51\LIB\C51S.LIB (?C_INIT)
  E:\KEIL\C51\LIB\C51S.LIB (?C?CLDOPTR)
  E:\KEIL\C51\LIB\C51S.LIB (?C?CSTOPTR)
  E:\KEIL\C51\LIB\C51S.LIB (?C?ILDPTR)
  E:\KEIL\C51\LIB\C51S.LIB (?C?IILDPTR)
  E:\KEIL\C51\LIB\C51S.LIB (?C?ISTPTR)
  E:\KEIL\C51\LIB\C51S.LIB (?C?LNEG)
  E:\KEIL\C51\LIB\C51S.LIB (?C?LSTPTR)
  E:\KEIL\C51\LIB\C51S.LIB (?C?LLDIDATA)
  E:\KEIL\C51\LIB\C51S.LIB (?C?IILDX)
  E:\KEIL\C51\LIB\C51S.LIB (?C?LSTIDATA)
  E:\KEIL\C51\LIB\C51S.LIB (?C?LSTXDATA)
  E:\KEIL\C51\LIB\C51S.LIB (?C?LSTPDATA)


LINK MAP OF MODULE:  ¼¤¹âµñ¿Ì¼æÐ´×Ö»úÆ÷ÏÂÎ»»ú³ÌÐòfinal_²âÊÔ°æ (?C_STARTUP)


            TYPE    BASE      LENGTH    RELOCATION   SEGMENT NAME
            -----------------------------------------------------

            * * * * * * *   D A T A   M E M O R Y   * * * * * * *
            REG     0000H     0008H     ABSOLUTE     "REG BANK 0"
            DATA    0008H     0052H     UNIT         _DATA_GROUP_
            DATA    005AH     001CH     UNIT         ?DT?____________________________FINAL_______
            IDATA   0076H     0046H     UNIT         _IDATA_GROUP_
            IDATA   00BCH     0001H     UNIT         ?STACK

            * * * * * * *   C O D E   M E M O R Y   * * * * * * *
            CODE    0000H     0003H     ABSOLUTE     
            CODE    0003H     10E3H     UNIT         ?PR?_CIRCULARINTERPOLATION_N?____________________________FINAL_____
>> __
            CODE    10E6H     10E3H     UNIT         ?PR?_CIRCULARINTERPOLATION_S?____________________________FINAL_____
>> __
            CODE    21C9H     0C4BH     UNIT         ?PR?_LINEARINTERPOLATION?____________________________FINAL_______
            CODE    2E14H     0515H     UNIT         ?C?LIB_CODE
            CODE    3329H     04D5H     UNIT         ?PR?_SUB4?____________________________FINAL_______
            CODE    37FEH     04D5H     UNIT         ?PR?_SUB5?____________________________FINAL_______
BL51 BANKED LINKER/LOCATER V6.22                                                      10/09/2015  16:50:11  PAGE 2


            CODE    3CD3H     04D5H     UNIT         ?PR?_SUB7?____________________________FINAL_______
            CODE    41A8H     04C6H     UNIT         ?PR?_SUB3?____________________________FINAL_______
            CODE    466EH     04C6H     UNIT         ?PR?_SUB6?____________________________FINAL_______
            CODE    4B34H     04C6H     UNIT         ?PR?_SUB8?____________________________FINAL_______
            CODE    4FFAH     049FH     UNIT         ?PR?_SUB2?____________________________FINAL_______
            CODE    5499H     0490H     UNIT         ?PR?_SUB1?____________________________FINAL_______
            CODE    5929H     027AH     UNIT         ?PR?_YPOSITIVETURN?____________________________FINAL_______
            CODE    5BA3H     027AH     UNIT         ?PR?_YREVERSALTURN?____________________________FINAL_______
            CODE    5E1DH     0259H     UNIT         ?PR?_XPOSITIVETURN?____________________________FINAL_______
            CODE    6076H     0259H     UNIT         ?PR?_XREVERSALTURN?____________________________FINAL_______
            CODE    62CFH     020BH     UNIT         ?PR?_READNUMBER?____________________________FINAL_______
            CODE    64DAH     0149H     UNIT         ?PR?_EXPLAINGCODE?____________________________FINAL_______
            CODE    6623H     00B5H     UNIT         ?PR?_EXECUTEGCODE?____________________________FINAL_______
            CODE    66D8H     00B4H     UNIT         ?PR?_QUICKPOSITION?____________________________FINAL_______
            CODE    678CH     00AAH     UNIT         ?PR?SQRT?SQRT
            CODE    6836H     0092H     UNIT         ?PR?MAIN?____________________________FINAL_______
            CODE    68C8H     008CH     UNIT         ?C_C51STARTUP
            CODE    6954H     0067H     UNIT         ?PR?_ISDIGIT?____________________________FINAL_______
            CODE    69BBH     0048H     UNIT         ?PR?_ISCHAR?____________________________FINAL_______
            CODE    6A03H     003DH     UNIT         ?PR?_RECEIVEGCODE?____________________________FINAL_______
            CODE    6A40H     0029H     UNIT         ?PR?DELAY?____________________________FINAL_______
            CODE    6A69H     0027H     UNIT         ?PR?_PRINTF?____________________________FINAL_______
            CODE    6A90H     0023H     UNIT         ?C_INITSEG
            CODE    6AB3H     0012H     UNIT         ?PR?SERINIT?____________________________FINAL_______
            CODE    6AC5H     000EH     UNIT         ?PR?INITRECEIVE?____________________________FINAL_______
            CODE    6AD3H     000DH     UNIT         ?PR?_FABS?FABS
            CODE    6AE0H     0002H     UNIT         ?CO?____________________________FINAL_______



OVERLAY MAP OF MODULE:   ¼¤¹âµñ¿Ì¼æÐ´×Ö»úÆ÷ÏÂÎ»»ú³ÌÐòfinal_²âÊÔ°æ (?C_STARTUP)


SEGMENT                                            DATA_GROUP          IDATA_GROUP
  +--> CALLED SEGMENT                            START    LENGTH     START    LENGTH
------------------------------------------------------------------------------------
?C_C51STARTUP                                    -----    -----      -----    -----
  +--> ?PR?MAIN?____________________________...
  +--> ?C_INITSEG

?PR?MAIN?____________________________...         -----    -----      0076H    0046H
  +--> ?PR?SERINIT?_________________________...
  +--> ?PR?INITRECEIVE?_____________________...
  +--> ?PR?_RECEIVEGCODE?___________________...
  +--> ?PR?_EXPLAINGCODE?___________________...
  +--> ?PR?_EXECUTEGCODE?___________________...

?PR?INITRECEIVE?_____________________...         -----    -----      -----    -----
  +--> ?CO?____________________________FINAL...
  +--> ?PR?_PRINTF?_________________________...

?PR?_PRINTF?_________________________...         0008H    0003H      -----    -----

?PR?_RECEIVEGCODE?___________________...         0008H    0003H      -----    -----

?PR?_EXPLAINGCODE?___________________...         0008H    001BH      -----    -----
  +--> ?PR?_ISCHAR?_________________________...
BL51 BANKED LINKER/LOCATER V6.22                                                      10/09/2015  16:50:11  PAGE 3


  +--> ?PR?_READNUMBER?_____________________...

?PR?_READNUMBER?_____________________...         0023H    0013H      -----    -----
  +--> ?PR?_ISCHAR?_________________________...
  +--> ?PR?_ISDIGIT?________________________...

?PR?_EXECUTEGCODE?___________________...         0008H    0012H      -----    -----
  +--> ?PR?_QUICKPOSITION?__________________...
  +--> ?PR?_LINEARINTERPOLATION?____________...
  +--> ?PR?_CIRCULARINTERPOLATION_S?________...
  +--> ?PR?_CIRCULARINTERPOLATION_N?________...

?PR?_QUICKPOSITION?__________________...         003AH    0010H      -----    -----
  +--> ?PR?_FABS?FABS
  +--> ?PR?_XPOSITIVETURN?__________________...
  +--> ?PR?_XREVERSALTURN?__________________...
  +--> ?PR?_YPOSITIVETURN?__________________...
  +--> ?PR?_YREVERSALTURN?__________________...

?PR?_XPOSITIVETURN?__________________...         0056H    0004H      -----    -----
  +--> ?PR?DELAY?___________________________...

?PR?_XREVERSALTURN?__________________...         0056H    0004H      -----    -----
  +--> ?PR?DELAY?___________________________...

?PR?_YPOSITIVETURN?__________________...         0056H    0004H      -----    -----
  +--> ?PR?DELAY?___________________________...

?PR?_YREVERSALTURN?__________________...         0056H    0004H      -----    -----
  +--> ?PR?DELAY?___________________________...

?PR?_LINEARINTERPOLATION?____________...         001AH    0020H      -----    -----
  +--> ?PR?_QUICKPOSITION?__________________...
  +--> ?PR?_FABS?FABS
  +--> ?PR?_XPOSITIVETURN?__________________...
  +--> ?PR?_YPOSITIVETURN?__________________...
  +--> ?PR?_XREVERSALTURN?__________________...
  +--> ?PR?_YREVERSALTURN?__________________...

?PR?_CIRCULARINTERPOLATION_S?________...         001AH    000CH      -----    -----
  +--> ?PR?SQRT?SQRT
  +--> ?PR?_SUB5?___________________________...
  +--> ?PR?_SUB8?___________________________...
  +--> ?PR?_SUB7?___________________________...
  +--> ?PR?_SUB6?___________________________...

?PR?SQRT?SQRT                                    0026H    0004H      -----    -----

?PR?_SUB5?___________________________...         0026H    0030H      -----    -----
  +--> ?PR?_FABS?FABS
  +--> ?PR?_XPOSITIVETURN?__________________...
  +--> ?PR?_YREVERSALTURN?__________________...

?PR?_SUB8?___________________________...         0026H    0030H      -----    -----
  +--> ?PR?_FABS?FABS
  +--> ?PR?_XREVERSALTURN?__________________...
  +--> ?PR?_YREVERSALTURN?__________________...
BL51 BANKED LINKER/LOCATER V6.22                                                      10/09/2015  16:50:11  PAGE 4



?PR?_SUB7?___________________________...         0026H    0030H      -----    -----
  +--> ?PR?_FABS?FABS
  +--> ?PR?_XREVERSALTURN?__________________...
  +--> ?PR?_YPOSITIVETURN?__________________...

?PR?_SUB6?___________________________...         0026H    0030H      -----    -----
  +--> ?PR?_FABS?FABS
  +--> ?PR?_XPOSITIVETURN?__________________...
  +--> ?PR?_YPOSITIVETURN?__________________...

?PR?_CIRCULARINTERPOLATION_N?________...         001AH    000CH      -----    -----
  +--> ?PR?SQRT?SQRT
  +--> ?PR?_SUB1?___________________________...
  +--> ?PR?_SUB2?___________________________...
  +--> ?PR?_SUB3?___________________________...
  +--> ?PR?_SUB4?___________________________...

?PR?_SUB1?___________________________...         0026H    0030H      -----    -----
  +--> ?PR?_FABS?FABS
  +--> ?PR?_XREVERSALTURN?__________________...
  +--> ?PR?_YPOSITIVETURN?__________________...

?PR?_SUB2?___________________________...         0026H    0030H      -----    -----
  +--> ?PR?_FABS?FABS
  +--> ?PR?_XREVERSALTURN?__________________...
  +--> ?PR?_YREVERSALTURN?__________________...

?PR?_SUB3?___________________________...         0026H    0030H      -----    -----
  +--> ?PR?_FABS?FABS
  +--> ?PR?_XPOSITIVETURN?__________________...
  +--> ?PR?_YREVERSALTURN?__________________...

?PR?_SUB4?___________________________...         0026H    0030H      -----    -----
  +--> ?PR?_FABS?FABS
  +--> ?PR?_XPOSITIVETURN?__________________...
  +--> ?PR?_YPOSITIVETURN?__________________...



SYMBOL TABLE OF MODULE:  ¼¤¹âµñ¿Ì¼æÐ´×Ö»úÆ÷ÏÂÎ»»ú³ÌÐòfinal_²âÊÔ°æ (?C_STARTUP)

  VALUE           TYPE          NAME
  ----------------------------------

  -------         MODULE        ?C_STARTUP
  C:68C8H         SEGMENT       ?C_C51STARTUP
  I:00BCH         SEGMENT       ?STACK
  C:0000H         PUBLIC        ?C_STARTUP
  D:00E0H         SYMBOL        ACC
  D:00F0H         SYMBOL        B
  D:0083H         SYMBOL        DPH
  D:0082H         SYMBOL        DPL
  N:0000H         SYMBOL        IBPSTACK
  N:0100H         SYMBOL        IBPSTACKTOP
  N:0080H         SYMBOL        IDATALEN
  C:68CBH         SYMBOL        IDATALOOP
BL51 BANKED LINKER/LOCATER V6.22                                                      10/09/2015  16:50:11  PAGE 5


  N:0000H         SYMBOL        PBPSTACK
  N:0100H         SYMBOL        PBPSTACKTOP
  N:0000H         SYMBOL        PDATALEN
  N:0000H         SYMBOL        PDATASTART
  N:0000H         SYMBOL        PPAGE
  N:0000H         SYMBOL        PPAGEENABLE
  D:00A0H         SYMBOL        PPAGE_SFR
  D:0081H         SYMBOL        SP
  C:68C8H         SYMBOL        STARTUP1
  N:0000H         SYMBOL        XBPSTACK
  N:0000H         SYMBOL        XBPSTACKTOP
  N:0000H         SYMBOL        XDATALEN
  N:0000H         SYMBOL        XDATASTART
  C:0000H         LINE#         126
  C:68C8H         LINE#         133
  C:68CAH         LINE#         134
  C:68CBH         LINE#         135
  C:68CCH         LINE#         136
  C:68CEH         LINE#         185
  C:68D1H         LINE#         196
  -------         ENDMOD        ?C_STARTUP

  -------         MODULE        ____________________________FINAL_______
  C:0000H         SYMBOL        _ICE_DUMMY_
  C:6AC5H         PUBLIC        initReceive
  C:41E3H         PUBLIC        _sub3
  C:594CH         PUBLIC        _yPositiveTurn
  C:3373H         PUBLIC        _sub4
  D:0080H         PUBLIC        P0
  C:10E6H         PUBLIC        _circularInterpolation_S
  C:3848H         PUBLIC        _sub5
  D:0090H         PUBLIC        P1
  C:46A9H         PUBLIC        _sub6
  C:3D1DH         PUBLIC        _sub7
  D:00B0H         PUBLIC        P3
  C:4B6FH         PUBLIC        _sub8
  C:62CFH         PUBLIC        _readNumber
  D:00A8H         PUBLIC        IE
  C:6A46H         PUBLIC        delay
  C:6A69H         PUBLIC        _printf
  B:0090H.1       PUBLIC        Xa_
  D:00B8H         PUBLIC        IP
  B:0080H.1       PUBLIC        Ya_
  B:0090H.3       PUBLIC        Xb_
  B:0080H.3       PUBLIC        Yb_
  B:0098H.0       PUBLIC        RI
  B:0098H.1       PUBLIC        TI
  C:6836H         PUBLIC        main
  D:005AH         PUBLIC        x0
  D:005EH         PUBLIC        y0
  C:6A03H         PUBLIC        _receiveGCode
  D:0099H         PUBLIC        SBUF
  D:0098H         PUBLIC        SCON
  D:0089H         PUBLIC        TMOD
  D:0088H         PUBLIC        TCON
  D:0062H         PUBLIC        moveFlag
  B:0090H.0       PUBLIC        Xa
BL51 BANKED LINKER/LOCATER V6.22                                                      10/09/2015  16:50:11  PAGE 6


  B:0080H.0       PUBLIC        Ya
  B:0090H.2       PUBLIC        Xb
  C:64DAH         PUBLIC        _explainGCode
  B:0080H.2       PUBLIC        Yb
  C:6623H         PUBLIC        _executeGCode
  C:6AB3H         PUBLIC        SerInit
  D:008DH         PUBLIC        TH1
  B:0098H.7       PUBLIC        SM0
  C:696CH         PUBLIC        _isDigit
  B:0098H.6       PUBLIC        SM1
  D:008BH         PUBLIC        TL1
  B:0088H.6       PUBLIC        TR1
  C:69D3H         PUBLIC        _isChar
  D:0064H         PUBLIC        a
  D:0068H         PUBLIC        b
  D:006CH         PUBLIC        Length
  B:0098H.4       PUBLIC        REN
  D:00C8H         PUBLIC        T2CON
  C:607EH         PUBLIC        _xReversalTurn
  C:5BC6H         PUBLIC        _yReversalTurn
  C:21C9H         PUBLIC        _linearInterpolation
  D:0070H         PUBLIC        Speed
  D:0072H         PUBLIC        xFlag
  D:0074H         PUBLIC        yFlag
  B:00B0H.7       PUBLIC        Laser
  D:00D0H         PUBLIC        PSW
  C:0003H         PUBLIC        _circularInterpolation_N
  C:66D8H         PUBLIC        _quickPosition
  C:54D4H         PUBLIC        _sub1
  C:5044H         PUBLIC        _sub2
  C:5E25H         PUBLIC        _xPositiveTurn
  -------         PROC          SERINIT
  C:6AB3H         LINE#         32
  C:6AB3H         LINE#         33
  C:6AB3H         LINE#         35
  C:6AB5H         LINE#         36
  C:6AB7H         LINE#         37
  C:6AB9H         LINE#         40
  C:6ABCH         LINE#         41
  C:6ABFH         LINE#         42
  C:6AC2H         LINE#         43
  C:6AC4H         LINE#         44
  -------         ENDPROC       SERINIT
  -------         PROC          L?0511
  -------         ENDPROC       L?0511
  -------         PROC          DELAY
  -------         DO            
  D:0004H         SYMBOL        x
  D:0006H         SYMBOL        j
  -------         ENDDO         
  C:6A46H         LINE#         47
  C:6A46H         LINE#         48
  C:6A46H         LINE#         50
  C:6A53H         LINE#         51
  C:6A68H         LINE#         52
  -------         ENDPROC       DELAY
  C:5E1DH         SYMBOL        L?0506
BL51 BANKED LINKER/LOCATER V6.22                                                      10/09/2015  16:50:11  PAGE 7


  -------         PROC          L?0505
  -------         ENDPROC       L?0505
  C:5E1DH         SYMBOL        L?0506
  -------         PROC          _XPOSITIVETURN
  D:0056H         SYMBOL        length
  C:5E25H         LINE#         54
  C:5E2DH         LINE#         55
  C:5E2DH         LINE#         56
  C:5E2DH         LINE#         57
  C:5E2DH         LINE#         58
  C:5E5FH         LINE#         59
  C:5E5FH         LINE#         60
  C:5E5FH         LINE#         61
  C:5E67H         LINE#         62
  C:5E82H         LINE#         63
  C:5E82H         LINE#         64
  C:5E85H         LINE#         65
  C:5E99H         LINE#         66
  C:5E9AH         LINE#         69
  C:5E9AH         LINE#         71
  C:5E9AH         LINE#         72
  C:5EA2H         LINE#         73
  C:5EBDH         LINE#         74
  C:5EC3H         LINE#         75
  C:5EC6H         LINE#         76
  C:5EDDH         LINE#         77
  C:5EDEH         LINE#         80
  C:5EDEH         LINE#         82
  C:5EDEH         LINE#         83
  C:5EE6H         LINE#         84
  C:5F01H         LINE#         85
  C:5F07H         LINE#         86
  C:5F0AH         LINE#         87
  C:5F21H         LINE#         88
  C:5F22H         LINE#         91
  C:5F22H         LINE#         93
  C:5F22H         LINE#         94
  C:5F2AH         LINE#         95
  C:5F45H         LINE#         96
  C:5F4BH         LINE#         97
  C:5F4EH         LINE#         98
  C:5F65H         LINE#         99
  C:5F66H         LINE#         102
  C:5F66H         LINE#         104
  C:5F66H         LINE#         105
  C:5F6EH         LINE#         106
  C:5F89H         LINE#         107
  C:5F8FH         LINE#         108
  C:5F92H         LINE#         109
  C:5FA9H         LINE#         110
  C:5FAAH         LINE#         113
  C:5FAAH         LINE#         115
  C:5FAAH         LINE#         116
  C:5FB2H         LINE#         117
  C:5FCDH         LINE#         118
  C:5FD3H         LINE#         119
  C:5FD6H         LINE#         120
BL51 BANKED LINKER/LOCATER V6.22                                                      10/09/2015  16:50:11  PAGE 8


  C:5FEDH         LINE#         121
  C:5FEEH         LINE#         124
  C:5FEEH         LINE#         126
  C:5FEEH         LINE#         127
  C:5FF6H         LINE#         128
  C:6011H         LINE#         129
  C:6017H         LINE#         130
  C:601AH         LINE#         131
  C:6031H         LINE#         132
  C:6032H         LINE#         135
  C:6032H         LINE#         137
  C:6032H         LINE#         138
  C:603AH         LINE#         139
  C:6055H         LINE#         140
  C:605BH         LINE#         141
  C:605EH         LINE#         142
  C:6075H         LINE#         143
  -------         ENDPROC       _XPOSITIVETURN
  C:6076H         SYMBOL        L?0508
  -------         PROC          L?0507
  -------         ENDPROC       L?0507
  C:6076H         SYMBOL        L?0508
  -------         PROC          _XREVERSALTURN
  D:0056H         SYMBOL        length
  C:607EH         LINE#         152
  C:6086H         LINE#         153
  C:6086H         LINE#         154
  C:6086H         LINE#         155
  C:6086H         LINE#         156
  C:60B8H         LINE#         157
  C:60B8H         LINE#         158
  C:60B8H         LINE#         159
  C:60C0H         LINE#         160
  C:60DBH         LINE#         161
  C:60E1H         LINE#         162
  C:60E4H         LINE#         163
  C:60F8H         LINE#         164
  C:60F9H         LINE#         167
  C:60F9H         LINE#         169
  C:60F9H         LINE#         170
  C:6101H         LINE#         171
  C:611CH         LINE#         172
  C:6122H         LINE#         173
  C:6125H         LINE#         174
  C:613CH         LINE#         175
  C:613DH         LINE#         178
  C:613DH         LINE#         180
  C:613DH         LINE#         181
  C:6145H         LINE#         182
  C:6160H         LINE#         183
  C:6166H         LINE#         184
  C:6169H         LINE#         185
  C:6180H         LINE#         186
  C:6181H         LINE#         189
  C:6181H         LINE#         191
  C:6181H         LINE#         192
  C:6189H         LINE#         193
BL51 BANKED LINKER/LOCATER V6.22                                                      10/09/2015  16:50:11  PAGE 9


  C:61A4H         LINE#         194
  C:61AAH         LINE#         195
  C:61ADH         LINE#         196
  C:61C4H         LINE#         197
  C:61C5H         LINE#         200
  C:61C5H         LINE#         202
  C:61C5H         LINE#         203
  C:61CDH         LINE#         204
  C:61E8H         LINE#         205
  C:61EEH         LINE#         206
  C:61F1H         LINE#         207
  C:6208H         LINE#         208
  C:6209H         LINE#         211
  C:6209H         LINE#         213
  C:6209H         LINE#         214
  C:6211H         LINE#         215
  C:622CH         LINE#         216
  C:6232H         LINE#         217
  C:6235H         LINE#         218
  C:624CH         LINE#         219
  C:624DH         LINE#         222
  C:624DH         LINE#         224
  C:624DH         LINE#         225
  C:6255H         LINE#         226
  C:6270H         LINE#         227
  C:6270H         LINE#         228
  C:6273H         LINE#         229
  C:628AH         LINE#         230
  C:628BH         LINE#         233
  C:628BH         LINE#         235
  C:628BH         LINE#         236
  C:6293H         LINE#         237
  C:62AEH         LINE#         238
  C:62B4H         LINE#         239
  C:62B7H         LINE#         240
  C:62CEH         LINE#         241
  -------         ENDPROC       _XREVERSALTURN
  C:5944H         SYMBOL        L?0502
  -------         PROC          L?0501
  -------         ENDPROC       L?0501
  C:5944H         SYMBOL        L?0502
  -------         PROC          _YPOSITIVETURN
  D:0056H         SYMBOL        length
  C:594CH         LINE#         250
  C:5954H         LINE#         251
  C:5954H         LINE#         252
  C:5954H         LINE#         253
  C:5954H         LINE#         254
  C:5986H         LINE#         255
  C:5986H         LINE#         256
  C:5986H         LINE#         257
  C:598EH         LINE#         258
  C:59A9H         LINE#         259
  C:59AFH         LINE#         260
  C:59B2H         LINE#         261
  C:59C6H         LINE#         262
  C:59C7H         LINE#         265
BL51 BANKED LINKER/LOCATER V6.22                                                      10/09/2015  16:50:11  PAGE 10


  C:59C7H         LINE#         267
  C:59C7H         LINE#         268
  C:59CFH         LINE#         269
  C:59EAH         LINE#         270
  C:59F0H         LINE#         271
  C:59F3H         LINE#         272
  C:5A0AH         LINE#         273
  C:5A0BH         LINE#         276
  C:5A0BH         LINE#         278
  C:5A0BH         LINE#         279
  C:5A13H         LINE#         280
  C:5A2EH         LINE#         281
  C:5A34H         LINE#         282
  C:5A37H         LINE#         283
  C:5A4EH         LINE#         284
  C:5A4FH         LINE#         287
  C:5A4FH         LINE#         289
  C:5A4FH         LINE#         290
  C:5A57H         LINE#         291
  C:5A72H         LINE#         292
  C:5A78H         LINE#         293
  C:5A7BH         LINE#         294
  C:5A92H         LINE#         295
  C:5A93H         LINE#         298
  C:5A93H         LINE#         300
  C:5A93H         LINE#         301
  C:5A9BH         LINE#         302
  C:5AB6H         LINE#         303
  C:5ABCH         LINE#         304
  C:5ABFH         LINE#         305
  C:5AD6H         LINE#         306
  C:5AD7H         LINE#         309
  C:5AD7H         LINE#         311
  C:5AD7H         LINE#         312
  C:5ADFH         LINE#         313
  C:5AFAH         LINE#         314
  C:5B00H         LINE#         315
  C:5B03H         LINE#         316
  C:5B1AH         LINE#         317
  C:5B1BH         LINE#         320
  C:5B1BH         LINE#         322
  C:5B1BH         LINE#         323
  C:5B23H         LINE#         324
  C:5B3EH         LINE#         325
  C:5B44H         LINE#         326
  C:5B47H         LINE#         327
  C:5B5EH         LINE#         328
  C:5B5FH         LINE#         331
  C:5B5FH         LINE#         333
  C:5B5FH         LINE#         334
  C:5B67H         LINE#         335
  C:5B82H         LINE#         336
  C:5B88H         LINE#         337
  C:5B8BH         LINE#         338
  C:5BA2H         LINE#         339
  -------         ENDPROC       _YPOSITIVETURN
  C:5BBEH         SYMBOL        L?0504
BL51 BANKED LINKER/LOCATER V6.22                                                      10/09/2015  16:50:11  PAGE 11


  -------         PROC          L?0503
  -------         ENDPROC       L?0503
  C:5BBEH         SYMBOL        L?0504
  -------         PROC          _YREVERSALTURN
  D:0056H         SYMBOL        length
  C:5BC6H         LINE#         348
  C:5BCEH         LINE#         349
  C:5BCEH         LINE#         350
  C:5BCEH         LINE#         351
  C:5BCEH         LINE#         352
  C:5C00H         LINE#         353
  C:5C00H         LINE#         354
  C:5C00H         LINE#         355
  C:5C08H         LINE#         356
  C:5C23H         LINE#         357
  C:5C29H         LINE#         358
  C:5C2CH         LINE#         359
  C:5C40H         LINE#         360
  C:5C41H         LINE#         363
  C:5C41H         LINE#         365
  C:5C41H         LINE#         366
  C:5C49H         LINE#         367
  C:5C64H         LINE#         368
  C:5C6AH         LINE#         369
  C:5C6DH         LINE#         370
  C:5C84H         LINE#         371
  C:5C85H         LINE#         374
  C:5C85H         LINE#         376
  C:5C85H         LINE#         377
  C:5C8DH         LINE#         378
  C:5CA8H         LINE#         379
  C:5CAEH         LINE#         380
  C:5CB1H         LINE#         381
  C:5CC8H         LINE#         382
  C:5CC9H         LINE#         385
  C:5CC9H         LINE#         387
  C:5CC9H         LINE#         388
  C:5CD1H         LINE#         389
  C:5CECH         LINE#         390
  C:5CF2H         LINE#         391
  C:5CF5H         LINE#         392
  C:5D0CH         LINE#         393
  C:5D0DH         LINE#         396
  C:5D0DH         LINE#         398
  C:5D0DH         LINE#         399
  C:5D15H         LINE#         400
  C:5D30H         LINE#         401
  C:5D36H         LINE#         402
  C:5D39H         LINE#         403
  C:5D50H         LINE#         404
  C:5D51H         LINE#         407
  C:5D51H         LINE#         409
  C:5D51H         LINE#         410
  C:5D59H         LINE#         411
  C:5D74H         LINE#         412
  C:5D7AH         LINE#         413
  C:5D7DH         LINE#         414
BL51 BANKED LINKER/LOCATER V6.22                                                      10/09/2015  16:50:11  PAGE 12


  C:5D94H         LINE#         415
  C:5D95H         LINE#         418
  C:5D95H         LINE#         420
  C:5D95H         LINE#         421
  C:5D9DH         LINE#         422
  C:5DB8H         LINE#         423
  C:5DBEH         LINE#         424
  C:5DC1H         LINE#         425
  C:5DD8H         LINE#         426
  C:5DD9H         LINE#         429
  C:5DD9H         LINE#         431
  C:5DD9H         LINE#         432
  C:5DE1H         LINE#         433
  C:5DFCH         LINE#         434
  C:5E02H         LINE#         435
  C:5E05H         LINE#         436
  C:5E1CH         LINE#         437
  -------         ENDPROC       _YREVERSALTURN
  -------         PROC          _PRINTF
  D:0008H         SYMBOL        show
  -------         DO            
  D:0006H         SYMBOL        i
  -------         ENDDO         
  C:6A69H         LINE#         446
  C:6A6FH         LINE#         447
  C:6A6FH         LINE#         448
  C:6A72H         LINE#         449
  C:6A81H         LINE#         450
  C:6A81H         LINE#         451
  C:6A83H         LINE#         452
  C:6A86H         LINE#         453
  C:6A88H         LINE#         454
  C:6A8FH         LINE#         455
  -------         ENDPROC       _PRINTF
  -------         PROC          _QUICKPOSITION
  D:003AH         SYMBOL        X
  D:003EH         SYMBOL        Y
  -------         DO            
  D:0042H         SYMBOL        xLength
  D:0046H         SYMBOL        yLength
  -------         ENDDO         
  C:66D8H         LINE#         457
  C:66E0H         LINE#         458
  C:66E0H         LINE#         459
  C:66F1H         LINE#         461
  C:6707H         LINE#         462
  C:6725H         LINE#         464
  C:6744H         LINE#         465
  C:6749H         LINE#         467
  C:674CH         LINE#         469
  C:676BH         LINE#         470
  C:6770H         LINE#         472
  C:6773H         LINE#         474
  C:677FH         LINE#         475
  C:678BH         LINE#         476
  -------         ENDPROC       _QUICKPOSITION
  -------         PROC          _LINEARINTERPOLATION
BL51 BANKED LINKER/LOCATER V6.22                                                      10/09/2015  16:50:11  PAGE 13


  D:001AH         SYMBOL        X
  D:001EH         SYMBOL        Y
  -------         DO            
  D:0022H         SYMBOL        slope
  D:0026H         SYMBOL        slopeTemp
  D:002AH         SYMBOL        xTemp
  D:002EH         SYMBOL        yTemp
  D:0032H         SYMBOL        N
  D:0036H         SYMBOL        i
  -------         ENDDO         
  C:21C9H         LINE#         479
  C:21D1H         LINE#         480
  C:21D1H         LINE#         482
  C:21DAH         LINE#         483
  C:21F2H         LINE#         486
  C:21FAH         LINE#         489
  C:2227H         LINE#         490
  C:2227H         LINE#         492
  C:2227H         LINE#         494
  C:2261H         LINE#         495
  C:2261H         LINE#         496
  C:2278H         LINE#         498
  C:2278H         LINE#         501
  C:2298H         LINE#         502
  C:2298H         LINE#         505
  C:2298H         LINE#         506
  C:22D9H         LINE#         507
  C:232BH         LINE#         510
  C:2376H         LINE#         511
  C:2376H         LINE#         512
  C:238EH         LINE#         513
  C:238EH         LINE#         514
  C:23BBH         LINE#         515
  C:23BBH         LINE#         516
  C:23BEH         LINE#         517
  C:23D9H         LINE#         518
  C:2412H         LINE#         519
  C:242CH         LINE#         520
  C:242CH         LINE#         521
  C:2441H         LINE#         522
  C:2441H         LINE#         523
  C:2444H         LINE#         524
  C:245FH         LINE#         525
  C:2498H         LINE#         526
  C:24B2H         LINE#         527
  C:24B2H         LINE#         528
  C:24C7H         LINE#         529
  C:24C7H         LINE#         530
  C:24CAH         LINE#         531
  C:24E5H         LINE#         532
  C:2526H         LINE#         533
  C:2540H         LINE#         534
  C:2540H         LINE#         535
  C:255AH         LINE#         536
  C:255AH         LINE#         537
  C:255DH         LINE#         538
  C:2578H         LINE#         539
BL51 BANKED LINKER/LOCATER V6.22                                                      10/09/2015  16:50:11  PAGE 14


  C:25B1H         LINE#         540
  C:25CBH         LINE#         541
  C:25CBH         LINE#         542
  C:25CEH         LINE#         543
  C:25CEH         LINE#         544
  C:2615H         LINE#         545
  C:2615H         LINE#         546
  C:262DH         LINE#         547
  C:262DH         LINE#         548
  C:265DH         LINE#         549
  C:265DH         LINE#         550
  C:2660H         LINE#         551
  C:267BH         LINE#         552
  C:267EH         LINE#         553
  C:2699H         LINE#         554
  C:26DAH         LINE#         555
  C:26F3H         LINE#         556
  C:26F3H         LINE#         557
  C:2708H         LINE#         558
  C:2708H         LINE#         559
  C:270BH         LINE#         560
  C:2726H         LINE#         561
  C:275FH         LINE#         562
  C:2779H         LINE#         563
  C:2779H         LINE#         564
  C:278EH         LINE#         565
  C:278EH         LINE#         566
  C:2791H         LINE#         567
  C:27ACH         LINE#         568
  C:27E5H         LINE#         569
  C:27FFH         LINE#         570
  C:27FFH         LINE#         571
  C:2819H         LINE#         572
  C:2819H         LINE#         573
  C:281CH         LINE#         574
  C:2837H         LINE#         575
  C:2878H         LINE#         576
  C:2892H         LINE#         577
  C:2892H         LINE#         578
  C:2895H         LINE#         579
  C:2895H         LINE#         580
  C:28DCH         LINE#         581
  C:28DCH         LINE#         582
  C:28F4H         LINE#         583
  C:28F4H         LINE#         584
  C:2921H         LINE#         585
  C:2921H         LINE#         586
  C:2924H         LINE#         587
  C:293FH         LINE#         588
  C:2978H         LINE#         589
  C:2992H         LINE#         590
  C:2992H         LINE#         591
  C:29A7H         LINE#         592
  C:29A7H         LINE#         593
  C:29AAH         LINE#         594
  C:29C5H         LINE#         595
  C:2A06H         LINE#         596
BL51 BANKED LINKER/LOCATER V6.22                                                      10/09/2015  16:50:11  PAGE 15


  C:2A20H         LINE#         597
  C:2A20H         LINE#         598
  C:2A35H         LINE#         599
  C:2A35H         LINE#         600
  C:2A38H         LINE#         601
  C:2A53H         LINE#         602
  C:2A8CH         LINE#         603
  C:2AA6H         LINE#         604
  C:2AA6H         LINE#         605
  C:2AC0H         LINE#         606
  C:2AC0H         LINE#         607
  C:2AC3H         LINE#         608
  C:2ADEH         LINE#         609
  C:2B17H         LINE#         610
  C:2B31H         LINE#         611
  C:2B31H         LINE#         612
  C:2B34H         LINE#         613
  C:2B34H         LINE#         614
  C:2B7BH         LINE#         615
  C:2B7BH         LINE#         616
  C:2B93H         LINE#         617
  C:2B93H         LINE#         618
  C:2BC3H         LINE#         619
  C:2BC3H         LINE#         620
  C:2BC6H         LINE#         621
  C:2BE1H         LINE#         622
  C:2BE4H         LINE#         623
  C:2BFFH         LINE#         624
  C:2C40H         LINE#         625
  C:2C59H         LINE#         626
  C:2C59H         LINE#         627
  C:2C6EH         LINE#         628
  C:2C6EH         LINE#         629
  C:2C71H         LINE#         630
  C:2C8CH         LINE#         631
  C:2CC5H         LINE#         632
  C:2CDFH         LINE#         633
  C:2CDFH         LINE#         634
  C:2CF6H         LINE#         635
  C:2CF6H         LINE#         636
  C:2CF9H         LINE#         637
  C:2D14H         LINE#         638
  C:2D55H         LINE#         639
  C:2D6FH         LINE#         640
  C:2D6FH         LINE#         641
  C:2D87H         LINE#         642
  C:2D87H         LINE#         643
  C:2D8AH         LINE#         644
  C:2DA5H         LINE#         645
  C:2DDEH         LINE#         646
  C:2DF8H         LINE#         647
  C:2DF8H         LINE#         648
  C:2DFBH         LINE#         649
  C:2DFBH         LINE#         650
  C:2E07H         LINE#         651
  C:2E13H         LINE#         653
  -------         ENDPROC       _LINEARINTERPOLATION
BL51 BANKED LINKER/LOCATER V6.22                                                      10/09/2015  16:50:11  PAGE 16


  C:5499H         SYMBOL        L?0490
  C:54CCH         SYMBOL        L?0491
  -------         PROC          L?0489
  -------         ENDPROC       L?0489
  C:5499H         SYMBOL        L?0490
  C:54CCH         SYMBOL        L?0491
  -------         PROC          _SUB1
  D:0026H         SYMBOL        x1
  D:002AH         SYMBOL        y1
  D:002EH         SYMBOL        x2
  D:0032H         SYMBOL        y2
  -------         DO            
  D:0036H         SYMBOL        xTemp
  D:003AH         SYMBOL        yTemp
  D:003EH         SYMBOL        N
  D:0042H         SYMBOL        i
  D:0046H         SYMBOL        F
  D:004AH         SYMBOL        F1
  D:004EH         SYMBOL        F2
  D:0052H         SYMBOL        F3
  -------         ENDDO         
  C:54D4H         LINE#         655
  C:54DCH         LINE#         656
  C:54DCH         LINE#         659
  C:54F0H         LINE#         661
  C:54F9H         LINE#         662
  C:5501H         LINE#         666
  C:5553H         LINE#         668
  C:556BH         LINE#         669
  C:556BH         LINE#         670
  C:55F7H         LINE#         671
  C:5683H         LINE#         672
  C:577EH         LINE#         674
  C:57B4H         LINE#         675
  C:57B4H         LINE#         676
  C:57EFH         LINE#         677
  C:57EFH         LINE#         678
  C:57F2H         LINE#         679
  C:580DH         LINE#         680
  C:5819H         LINE#         681
  C:5828H         LINE#         682
  C:582BH         LINE#         684
  C:582BH         LINE#         685
  C:582EH         LINE#         686
  C:582EH         LINE#         687
  C:5831H         LINE#         688
  C:584CH         LINE#         689
  C:5858H         LINE#         690
  C:5866H         LINE#         691
  C:5866H         LINE#         692
  C:5869H         LINE#         694
  C:5869H         LINE#         695
  C:58A4H         LINE#         696
  C:58A4H         LINE#         697
  C:58A7H         LINE#         698
  C:58C2H         LINE#         699
  C:58CEH         LINE#         700
BL51 BANKED LINKER/LOCATER V6.22                                                      10/09/2015  16:50:11  PAGE 17


  C:58DDH         LINE#         701
  C:58DFH         LINE#         703
  C:58DFH         LINE#         704
  C:58E2H         LINE#         705
  C:58E2H         LINE#         706
  C:58E5H         LINE#         707
  C:5900H         LINE#         708
  C:590CH         LINE#         709
  C:5925H         LINE#         710
  C:5925H         LINE#         712
  C:5925H         LINE#         713
  C:5928H         LINE#         714
  -------         ENDPROC       _SUB1
  C:4FFAH         SYMBOL        L?0478
  C:503CH         SYMBOL        L?0479
  -------         PROC          L?0477
  -------         ENDPROC       L?0477
  C:4FFAH         SYMBOL        L?0478
  C:503CH         SYMBOL        L?0479
  -------         PROC          _SUB2
  D:0026H         SYMBOL        x1
  D:002AH         SYMBOL        y1
  D:002EH         SYMBOL        x2
  D:0032H         SYMBOL        y2
  -------         DO            
  D:0036H         SYMBOL        xTemp
  D:003AH         SYMBOL        yTemp
  D:003EH         SYMBOL        N
  D:0042H         SYMBOL        i
  D:0046H         SYMBOL        F
  D:004AH         SYMBOL        F1
  D:004EH         SYMBOL        F2
  D:0052H         SYMBOL        F3
  -------         ENDDO         
  C:5044H         LINE#         716
  C:504CH         LINE#         717
  C:504CH         LINE#         720
  C:5060H         LINE#         722
  C:5069H         LINE#         723
  C:5071H         LINE#         727
  C:50C3H         LINE#         729
  C:50DBH         LINE#         730
  C:50DBH         LINE#         731
  C:5167H         LINE#         732
  C:51F3H         LINE#         733
  C:52EEH         LINE#         735
  C:5324H         LINE#         736
  C:5324H         LINE#         737
  C:535FH         LINE#         738
  C:535FH         LINE#         739
  C:5362H         LINE#         740
  C:537DH         LINE#         741
  C:5389H         LINE#         742
  C:5398H         LINE#         743
  C:539BH         LINE#         745
  C:539BH         LINE#         746
  C:539EH         LINE#         747
BL51 BANKED LINKER/LOCATER V6.22                                                      10/09/2015  16:50:11  PAGE 18


  C:539EH         LINE#         748
  C:53A1H         LINE#         749
  C:53BCH         LINE#         750
  C:53C8H         LINE#         751
  C:53D6H         LINE#         752
  C:53D6H         LINE#         753
  C:53D9H         LINE#         755
  C:53D9H         LINE#         756
  C:5414H         LINE#         757
  C:5414H         LINE#         758
  C:5417H         LINE#         759
  C:5432H         LINE#         760
  C:543EH         LINE#         761
  C:544DH         LINE#         762
  C:544FH         LINE#         764
  C:544FH         LINE#         765
  C:5452H         LINE#         766
  C:5452H         LINE#         767
  C:5455H         LINE#         768
  C:5470H         LINE#         769
  C:547CH         LINE#         770
  C:5495H         LINE#         771
  C:5495H         LINE#         773
  C:5495H         LINE#         774
  C:5498H         LINE#         775
  -------         ENDPROC       _SUB2
  C:41A8H         SYMBOL        L?0493
  C:41DBH         SYMBOL        L?0494
  -------         PROC          L?0492
  -------         ENDPROC       L?0492
  C:41A8H         SYMBOL        L?0493
  C:41DBH         SYMBOL        L?0494
  -------         PROC          _SUB3
  D:0026H         SYMBOL        x1
  D:002AH         SYMBOL        y1
  D:002EH         SYMBOL        x2
  D:0032H         SYMBOL        y2
  -------         DO            
  D:0036H         SYMBOL        xTemp
  D:003AH         SYMBOL        yTemp
  D:003EH         SYMBOL        N
  D:0042H         SYMBOL        i
  D:0046H         SYMBOL        F
  D:004AH         SYMBOL        F1
  D:004EH         SYMBOL        F2
  D:0052H         SYMBOL        F3
  -------         ENDDO         
  C:41E3H         LINE#         777
  C:41EBH         LINE#         778
  C:41EBH         LINE#         781
  C:41FFH         LINE#         783
  C:4208H         LINE#         784
  C:4210H         LINE#         788
  C:4262H         LINE#         790
  C:427AH         LINE#         791
  C:427AH         LINE#         792
  C:4306H         LINE#         793
BL51 BANKED LINKER/LOCATER V6.22                                                      10/09/2015  16:50:11  PAGE 19


  C:4392H         LINE#         794
  C:448DH         LINE#         796
  C:44C3H         LINE#         797
  C:44C3H         LINE#         798
  C:44FEH         LINE#         799
  C:44FEH         LINE#         800
  C:4501H         LINE#         801
  C:451CH         LINE#         802
  C:4528H         LINE#         803
  C:4537H         LINE#         804
  C:453AH         LINE#         806
  C:453AH         LINE#         807
  C:453DH         LINE#         808
  C:4558H         LINE#         809
  C:455BH         LINE#         810
  C:4576H         LINE#         811
  C:4582H         LINE#         812
  C:4590H         LINE#         813
  C:4590H         LINE#         814
  C:4593H         LINE#         816
  C:4593H         LINE#         817
  C:45CEH         LINE#         818
  C:45CEH         LINE#         819
  C:45D1H         LINE#         820
  C:45ECH         LINE#         821
  C:45F8H         LINE#         822
  C:4607H         LINE#         823
  C:4609H         LINE#         825
  C:4609H         LINE#         826
  C:460CH         LINE#         827
  C:4627H         LINE#         828
  C:462AH         LINE#         829
  C:4645H         LINE#         830
  C:4651H         LINE#         831
  C:466AH         LINE#         832
  C:466AH         LINE#         834
  C:466AH         LINE#         835
  C:466DH         LINE#         837
  -------         ENDPROC       _SUB3
  C:3329H         SYMBOL        L?0481
  C:336BH         SYMBOL        L?0482
  -------         PROC          L?0480
  -------         ENDPROC       L?0480
  C:3329H         SYMBOL        L?0481
  C:336BH         SYMBOL        L?0482
  -------         PROC          _SUB4
  D:0026H         SYMBOL        x1
  D:002AH         SYMBOL        y1
  D:002EH         SYMBOL        x2
  D:0032H         SYMBOL        y2
  -------         DO            
  D:0036H         SYMBOL        xTemp
  D:003AH         SYMBOL        yTemp
  D:003EH         SYMBOL        N
  D:0042H         SYMBOL        i
  D:0046H         SYMBOL        F
  D:004AH         SYMBOL        F1
BL51 BANKED LINKER/LOCATER V6.22                                                      10/09/2015  16:50:11  PAGE 20


  D:004EH         SYMBOL        F2
  D:0052H         SYMBOL        F3
  -------         ENDDO         
  C:3373H         LINE#         839
  C:337BH         LINE#         840
  C:337BH         LINE#         844
  C:338FH         LINE#         846
  C:3398H         LINE#         847
  C:33A0H         LINE#         851
  C:33F2H         LINE#         853
  C:340AH         LINE#         854
  C:340AH         LINE#         855
  C:3496H         LINE#         856
  C:3522H         LINE#         857
  C:361DH         LINE#         859
  C:3653H         LINE#         860
  C:3653H         LINE#         861
  C:368EH         LINE#         862
  C:368EH         LINE#         863
  C:3691H         LINE#         864
  C:36ACH         LINE#         865
  C:36B8H         LINE#         866
  C:36C7H         LINE#         867
  C:36CAH         LINE#         869
  C:36CAH         LINE#         870
  C:36CDH         LINE#         871
  C:36E8H         LINE#         872
  C:36EBH         LINE#         873
  C:3706H         LINE#         874
  C:3712H         LINE#         875
  C:3720H         LINE#         876
  C:3720H         LINE#         877
  C:3723H         LINE#         879
  C:3723H         LINE#         880
  C:375EH         LINE#         881
  C:375EH         LINE#         882
  C:3761H         LINE#         883
  C:377CH         LINE#         884
  C:3788H         LINE#         885
  C:3797H         LINE#         886
  C:3799H         LINE#         888
  C:3799H         LINE#         889
  C:379CH         LINE#         890
  C:37B7H         LINE#         891
  C:37BAH         LINE#         892
  C:37D5H         LINE#         893
  C:37E1H         LINE#         894
  C:37FAH         LINE#         895
  C:37FAH         LINE#         896
  C:37FAH         LINE#         897
  C:37FDH         LINE#         898
  -------         ENDPROC       _SUB4
  -------         PROC          _CIRCULARINTERPOLATION_N
  D:001AH         SYMBOL        X
  D:001EH         SYMBOL        Y
  -------         DO            
  D:0022H         SYMBOL        r
BL51 BANKED LINKER/LOCATER V6.22                                                      10/09/2015  16:50:11  PAGE 21


  -------         ENDDO         
  C:0003H         LINE#         900
  C:000BH         LINE#         901
  C:000BH         LINE#         906
  C:009BH         LINE#         909
  C:00CDH         LINE#         910
  C:00CDH         LINE#         911
  C:00FFH         LINE#         912
  C:00FFH         LINE#         913
  C:0117H         LINE#         914
  C:0117H         LINE#         915
  C:0147H         LINE#         916
  C:0147H         LINE#         919
  C:0147H         LINE#         920
  C:014AH         LINE#         921
  C:014DH         LINE#         922
  C:01A6H         LINE#         923
  C:01A9H         LINE#         924
  C:01E3H         LINE#         925
  C:01E3H         LINE#         926
  C:01F8H         LINE#         927
  C:01F8H         LINE#         928
  C:0212H         LINE#         929
  C:0212H         LINE#         932
  C:0212H         LINE#         933
  C:0239H         LINE#         934
  C:0239H         LINE#         935
  C:0239H         LINE#         936
  C:0263H         LINE#         937
  C:0263H         LINE#         938
  C:0266H         LINE#         939
  C:029CH         LINE#         940
  C:029CH         LINE#         941
  C:02C8H         LINE#         942
  C:02C8H         LINE#         943
  C:02CBH         LINE#         944
  C:02CEH         LINE#         945
  C:0308H         LINE#         946
  C:0308H         LINE#         947
  C:033CH         LINE#         948
  C:033CH         LINE#         949
  C:033FH         LINE#         950
  C:0342H         LINE#         951
  C:039BH         LINE#         952
  C:03D1H         LINE#         953
  C:03D1H         LINE#         954
  C:03D1H         LINE#         956
  C:0405H         LINE#         957
  C:0405H         LINE#         958
  C:0435H         LINE#         959
  C:0435H         LINE#         960
  C:044DH         LINE#         961
  C:044DH         LINE#         962
  C:047FH         LINE#         963
  C:047FH         LINE#         966
  C:047FH         LINE#         967
  C:04BDH         LINE#         968
BL51 BANKED LINKER/LOCATER V6.22                                                      10/09/2015  16:50:11  PAGE 22


  C:0516H         LINE#         969
  C:0519H         LINE#         970
  C:0572H         LINE#         971
  C:05A8H         LINE#         972
  C:05A8H         LINE#         973
  C:05BDH         LINE#         974
  C:05BDH         LINE#         975
  C:05D5H         LINE#         976
  C:05D5H         LINE#         979
  C:05D5H         LINE#         980
  C:0604H         LINE#         981
  C:0604H         LINE#         982
  C:0604H         LINE#         983
  C:0633H         LINE#         984
  C:0633H         LINE#         985
  C:0671H         LINE#         986
  C:06ABH         LINE#         987
  C:06ABH         LINE#         988
  C:06DFH         LINE#         989
  C:06DFH         LINE#         990
  C:071DH         LINE#         991
  C:0776H         LINE#         992
  C:07ACH         LINE#         993
  C:07ACH         LINE#         994
  C:07DEH         LINE#         995
  C:07DEH         LINE#         996
  C:081CH         LINE#         997
  C:0875H         LINE#         998
  C:0878H         LINE#         999
  C:08B2H         LINE#         1000
  C:08B2H         LINE#         1001
  C:08B2H         LINE#         1003
  C:08E4H         LINE#         1004
  C:08E4H         LINE#         1005
  C:0916H         LINE#         1006
  C:0916H         LINE#         1007
  C:0930H         LINE#         1008
  C:0930H         LINE#         1009
  C:0962H         LINE#         1010
  C:0962H         LINE#         1013
  C:0962H         LINE#         1014
  C:0965H         LINE#         1015
  C:0968H         LINE#         1016
  C:09C1H         LINE#         1017
  C:09C4H         LINE#         1018
  C:09FEH         LINE#         1019
  C:09FEH         LINE#         1020
  C:0A15H         LINE#         1021
  C:0A15H         LINE#         1022
  C:0A2DH         LINE#         1023
  C:0A2DH         LINE#         1026
  C:0A2DH         LINE#         1027
  C:0A54H         LINE#         1028
  C:0A54H         LINE#         1029
  C:0A54H         LINE#         1030
  C:0A82H         LINE#         1031
  C:0A82H         LINE#         1032
BL51 BANKED LINKER/LOCATER V6.22                                                      10/09/2015  16:50:11  PAGE 23


  C:0A85H         LINE#         1033
  C:0ABBH         LINE#         1034
  C:0ABBH         LINE#         1035
  C:0AE7H         LINE#         1036
  C:0AE7H         LINE#         1037
  C:0AEAH         LINE#         1038
  C:0AEDH         LINE#         1039
  C:0B27H         LINE#         1040
  C:0B27H         LINE#         1041
  C:0B57H         LINE#         1042
  C:0B57H         LINE#         1043
  C:0B5AH         LINE#         1044
  C:0B5DH         LINE#         1045
  C:0BB6H         LINE#         1046
  C:0BECH         LINE#         1047
  C:0BECH         LINE#         1048
  C:0BECH         LINE#         1050
  C:0C1CH         LINE#         1051
  C:0C1CH         LINE#         1052
  C:0C50H         LINE#         1053
  C:0C50H         LINE#         1054
  C:0C6AH         LINE#         1055
  C:0C6AH         LINE#         1056
  C:0C9AH         LINE#         1057
  C:0C9AH         LINE#         1060
  C:0C9AH         LINE#         1061
  C:0CD8H         LINE#         1062
  C:0D31H         LINE#         1063
  C:0D34H         LINE#         1064
  C:0D8DH         LINE#         1065
  C:0DC3H         LINE#         1066
  C:0DC3H         LINE#         1067
  C:0DDAH         LINE#         1068
  C:0DDAH         LINE#         1069
  C:0DF4H         LINE#         1070
  C:0DF4H         LINE#         1073
  C:0DF4H         LINE#         1074
  C:0E23H         LINE#         1075
  C:0E23H         LINE#         1076
  C:0E23H         LINE#         1077
  C:0E52H         LINE#         1078
  C:0E52H         LINE#         1079
  C:0E90H         LINE#         1080
  C:0ECAH         LINE#         1081
  C:0ECAH         LINE#         1082
  C:0EFAH         LINE#         1083
  C:0EFAH         LINE#         1084
  C:0F38H         LINE#         1085
  C:0F91H         LINE#         1086
  C:0FC7H         LINE#         1087
  C:0FC7H         LINE#         1088
  C:0FF9H         LINE#         1089
  C:0FF9H         LINE#         1090
  C:1037H         LINE#         1091
  C:1090H         LINE#         1092
  C:1093H         LINE#         1093
  C:10CDH         LINE#         1094
BL51 BANKED LINKER/LOCATER V6.22                                                      10/09/2015  16:50:11  PAGE 24


  C:10CDH         LINE#         1095
  C:10CDH         LINE#         1096
  C:10D9H         LINE#         1097
  C:10E5H         LINE#         1098
  -------         ENDPROC       _CIRCULARINTERPOLATION_N
  C:37FEH         SYMBOL        L?0487
  C:3840H         SYMBOL        L?0488
  -------         PROC          L?0486
  -------         ENDPROC       L?0486
  C:37FEH         SYMBOL        L?0487
  C:3840H         SYMBOL        L?0488
  -------         PROC          _SUB5
  D:0026H         SYMBOL        x1
  D:002AH         SYMBOL        y1
  D:002EH         SYMBOL        x2
  D:0032H         SYMBOL        y2
  -------         DO            
  D:0036H         SYMBOL        xTemp
  D:003AH         SYMBOL        yTemp
  D:003EH         SYMBOL        N
  D:0042H         SYMBOL        i
  D:0046H         SYMBOL        F
  D:004AH         SYMBOL        F1
  D:004EH         SYMBOL        F2
  D:0052H         SYMBOL        F3
  -------         ENDDO         
  C:3848H         LINE#         1100
  C:3850H         LINE#         1101
  C:3850H         LINE#         1104
  C:3864H         LINE#         1106
  C:386DH         LINE#         1107
  C:3875H         LINE#         1110
  C:38C7H         LINE#         1112
  C:38DFH         LINE#         1113
  C:38DFH         LINE#         1114
  C:396BH         LINE#         1115
  C:39F7H         LINE#         1116
  C:3AF2H         LINE#         1118
  C:3B28H         LINE#         1119
  C:3B28H         LINE#         1120
  C:3B63H         LINE#         1121
  C:3B63H         LINE#         1122
  C:3B66H         LINE#         1123
  C:3B81H         LINE#         1124
  C:3B8DH         LINE#         1125
  C:3B9CH         LINE#         1126
  C:3B9FH         LINE#         1128
  C:3B9FH         LINE#         1129
  C:3BA2H         LINE#         1130
  C:3BBDH         LINE#         1131
  C:3BC0H         LINE#         1132
  C:3BDBH         LINE#         1133
  C:3BE7H         LINE#         1134
  C:3BF5H         LINE#         1135
  C:3BF5H         LINE#         1136
  C:3BF8H         LINE#         1138
  C:3BF8H         LINE#         1139
BL51 BANKED LINKER/LOCATER V6.22                                                      10/09/2015  16:50:11  PAGE 25


  C:3C33H         LINE#         1140
  C:3C33H         LINE#         1141
  C:3C36H         LINE#         1142
  C:3C51H         LINE#         1143
  C:3C5DH         LINE#         1144
  C:3C6CH         LINE#         1145
  C:3C6EH         LINE#         1147
  C:3C6EH         LINE#         1148
  C:3C71H         LINE#         1149
  C:3C8CH         LINE#         1150
  C:3C8FH         LINE#         1151
  C:3CAAH         LINE#         1152
  C:3CB6H         LINE#         1153
  C:3CCFH         LINE#         1154
  C:3CCFH         LINE#         1156
  C:3CCFH         LINE#         1157
  C:3CD2H         LINE#         1158
  -------         ENDPROC       _SUB5
  C:466EH         SYMBOL        L?0496
  C:46A1H         SYMBOL        L?0497
  -------         PROC          L?0495
  -------         ENDPROC       L?0495
  C:466EH         SYMBOL        L?0496
  C:46A1H         SYMBOL        L?0497
  -------         PROC          _SUB6
  D:0026H         SYMBOL        x1
  D:002AH         SYMBOL        y1
  D:002EH         SYMBOL        x2
  D:0032H         SYMBOL        y2
  -------         DO            
  D:0036H         SYMBOL        xTemp
  D:003AH         SYMBOL        yTemp
  D:003EH         SYMBOL        N
  D:0042H         SYMBOL        i
  D:0046H         SYMBOL        F
  D:004AH         SYMBOL        F1
  D:004EH         SYMBOL        F2
  D:0052H         SYMBOL        F3
  -------         ENDDO         
  C:46A9H         LINE#         1160
  C:46B1H         LINE#         1161
  C:46B1H         LINE#         1165
  C:46C5H         LINE#         1167
  C:46CEH         LINE#         1168
  C:46D6H         LINE#         1171
  C:4728H         LINE#         1173
  C:4740H         LINE#         1174
  C:4740H         LINE#         1175
  C:47CCH         LINE#         1176
  C:4858H         LINE#         1177
  C:4953H         LINE#         1179
  C:4989H         LINE#         1180
  C:4989H         LINE#         1181
  C:49C4H         LINE#         1182
  C:49C4H         LINE#         1183
  C:49C7H         LINE#         1184
  C:49E2H         LINE#         1185
BL51 BANKED LINKER/LOCATER V6.22                                                      10/09/2015  16:50:11  PAGE 26


  C:49EEH         LINE#         1186
  C:49FDH         LINE#         1187
  C:4A00H         LINE#         1189
  C:4A00H         LINE#         1190
  C:4A03H         LINE#         1191
  C:4A1EH         LINE#         1192
  C:4A21H         LINE#         1193
  C:4A3CH         LINE#         1194
  C:4A48H         LINE#         1195
  C:4A56H         LINE#         1196
  C:4A56H         LINE#         1197
  C:4A59H         LINE#         1199
  C:4A59H         LINE#         1200
  C:4A94H         LINE#         1201
  C:4A94H         LINE#         1202
  C:4A97H         LINE#         1203
  C:4AB2H         LINE#         1204
  C:4ABEH         LINE#         1205
  C:4ACDH         LINE#         1206
  C:4ACFH         LINE#         1208
  C:4ACFH         LINE#         1209
  C:4AD2H         LINE#         1210
  C:4AEDH         LINE#         1211
  C:4AF0H         LINE#         1212
  C:4B0BH         LINE#         1213
  C:4B17H         LINE#         1214
  C:4B30H         LINE#         1215
  C:4B30H         LINE#         1216
  C:4B30H         LINE#         1217
  C:4B33H         LINE#         1218
  -------         ENDPROC       _SUB6
  C:3CD3H         SYMBOL        L?0484
  C:3D15H         SYMBOL        L?0485
  -------         PROC          L?0483
  -------         ENDPROC       L?0483
  C:3CD3H         SYMBOL        L?0484
  C:3D15H         SYMBOL        L?0485
  -------         PROC          _SUB7
  D:0026H         SYMBOL        x1
  D:002AH         SYMBOL        y1
  D:002EH         SYMBOL        x2
  D:0032H         SYMBOL        y2
  -------         DO            
  D:0036H         SYMBOL        xTemp
  D:003AH         SYMBOL        yTemp
  D:003EH         SYMBOL        N
  D:0042H         SYMBOL        i
  D:0046H         SYMBOL        F
  D:004AH         SYMBOL        F1
  D:004EH         SYMBOL        F2
  D:0052H         SYMBOL        F3
  -------         ENDDO         
  C:3D1DH         LINE#         1220
  C:3D25H         LINE#         1221
  C:3D25H         LINE#         1224
  C:3D39H         LINE#         1226
  C:3D42H         LINE#         1227
BL51 BANKED LINKER/LOCATER V6.22                                                      10/09/2015  16:50:11  PAGE 27


  C:3D4AH         LINE#         1230
  C:3D9CH         LINE#         1232
  C:3DB4H         LINE#         1233
  C:3DB4H         LINE#         1234
  C:3E40H         LINE#         1235
  C:3ECCH         LINE#         1236
  C:3FC7H         LINE#         1238
  C:3FFDH         LINE#         1239
  C:3FFDH         LINE#         1240
  C:4038H         LINE#         1241
  C:4038H         LINE#         1242
  C:403BH         LINE#         1243
  C:4056H         LINE#         1244
  C:4062H         LINE#         1245
  C:4071H         LINE#         1246
  C:4074H         LINE#         1248
  C:4074H         LINE#         1249
  C:4077H         LINE#         1250
  C:4092H         LINE#         1251
  C:4095H         LINE#         1252
  C:40B0H         LINE#         1253
  C:40BCH         LINE#         1254
  C:40CAH         LINE#         1255
  C:40CAH         LINE#         1256
  C:40CDH         LINE#         1258
  C:40CDH         LINE#         1259
  C:4108H         LINE#         1260
  C:4108H         LINE#         1261
  C:410BH         LINE#         1262
  C:4126H         LINE#         1263
  C:4132H         LINE#         1264
  C:4141H         LINE#         1265
  C:4143H         LINE#         1267
  C:4143H         LINE#         1268
  C:4146H         LINE#         1269
  C:4161H         LINE#         1270
  C:4164H         LINE#         1271
  C:417FH         LINE#         1272
  C:418BH         LINE#         1273
  C:41A4H         LINE#         1274
  C:41A4H         LINE#         1276
  C:41A4H         LINE#         1277
  C:41A7H         LINE#         1278
  -------         ENDPROC       _SUB7
  C:4B34H         SYMBOL        L?0499
  C:4B67H         SYMBOL        L?0500
  -------         PROC          L?0498
  -------         ENDPROC       L?0498
  C:4B34H         SYMBOL        L?0499
  C:4B67H         SYMBOL        L?0500
  -------         PROC          _SUB8
  D:0026H         SYMBOL        x1
  D:002AH         SYMBOL        y1
  D:002EH         SYMBOL        x2
  D:0032H         SYMBOL        y2
  -------         DO            
  D:0036H         SYMBOL        xTemp
BL51 BANKED LINKER/LOCATER V6.22                                                      10/09/2015  16:50:11  PAGE 28


  D:003AH         SYMBOL        yTemp
  D:003EH         SYMBOL        N
  D:0042H         SYMBOL        i
  D:0046H         SYMBOL        F
  D:004AH         SYMBOL        F1
  D:004EH         SYMBOL        F2
  D:0052H         SYMBOL        F3
  -------         ENDDO         
  C:4B6FH         LINE#         1280
  C:4B77H         LINE#         1281
  C:4B77H         LINE#         1284
  C:4B8BH         LINE#         1286
  C:4B94H         LINE#         1287
  C:4B9CH         LINE#         1290
  C:4BEEH         LINE#         1292
  C:4C06H         LINE#         1293
  C:4C06H         LINE#         1294
  C:4C92H         LINE#         1295
  C:4D1EH         LINE#         1296
  C:4E19H         LINE#         1298
  C:4E4FH         LINE#         1299
  C:4E4FH         LINE#         1300
  C:4E8AH         LINE#         1301
  C:4E8AH         LINE#         1302
  C:4E8DH         LINE#         1303
  C:4EA8H         LINE#         1304
  C:4EB4H         LINE#         1305
  C:4EC3H         LINE#         1306
  C:4EC6H         LINE#         1308
  C:4EC6H         LINE#         1309
  C:4EC9H         LINE#         1310
  C:4EE4H         LINE#         1311
  C:4EE7H         LINE#         1312
  C:4F02H         LINE#         1313
  C:4F0EH         LINE#         1314
  C:4F1CH         LINE#         1315
  C:4F1CH         LINE#         1316
  C:4F1FH         LINE#         1318
  C:4F1FH         LINE#         1319
  C:4F5AH         LINE#         1320
  C:4F5AH         LINE#         1321
  C:4F5DH         LINE#         1322
  C:4F78H         LINE#         1323
  C:4F84H         LINE#         1324
  C:4F93H         LINE#         1325
  C:4F95H         LINE#         1327
  C:4F95H         LINE#         1328
  C:4F98H         LINE#         1329
  C:4FB3H         LINE#         1330
  C:4FB6H         LINE#         1331
  C:4FD1H         LINE#         1332
  C:4FDDH         LINE#         1333
  C:4FF6H         LINE#         1334
  C:4FF6H         LINE#         1336
  C:4FF6H         LINE#         1337
  C:4FF9H         LINE#         1338
  -------         ENDPROC       _SUB8
BL51 BANKED LINKER/LOCATER V6.22                                                      10/09/2015  16:50:11  PAGE 29


  -------         PROC          _CIRCULARINTERPOLATION_S
  D:001AH         SYMBOL        X
  D:001EH         SYMBOL        Y
  -------         DO            
  D:0022H         SYMBOL        r
  -------         ENDDO         
  C:10E6H         LINE#         1341
  C:10EEH         LINE#         1342
  C:10EEH         LINE#         1347
  C:117EH         LINE#         1350
  C:11B0H         LINE#         1351
  C:11B0H         LINE#         1352
  C:11E2H         LINE#         1353
  C:11E2H         LINE#         1354
  C:11F7H         LINE#         1355
  C:11F7H         LINE#         1356
  C:1227H         LINE#         1357
  C:1227H         LINE#         1360
  C:1227H         LINE#         1361
  C:1256H         LINE#         1362
  C:1256H         LINE#         1363
  C:126EH         LINE#         1364
  C:126EH         LINE#         1365
  C:1288H         LINE#         1366
  C:1288H         LINE#         1369
  C:1288H         LINE#         1370
  C:12C6H         LINE#         1371
  C:131FH         LINE#         1372
  C:1322H         LINE#         1373
  C:137BH         LINE#         1374
  C:13B1H         LINE#         1375
  C:13B1H         LINE#         1376
  C:13B1H         LINE#         1377
  C:13DEH         LINE#         1378
  C:13DEH         LINE#         1379
  C:141CH         LINE#         1380
  C:1456H         LINE#         1381
  C:1456H         LINE#         1382
  C:1488H         LINE#         1383
  C:1488H         LINE#         1384
  C:14C6H         LINE#         1385
  C:151FH         LINE#         1386
  C:1555H         LINE#         1387
  C:1555H         LINE#         1388
  C:1589H         LINE#         1389
  C:1589H         LINE#         1390
  C:15C7H         LINE#         1391
  C:1620H         LINE#         1392
  C:1623H         LINE#         1393
  C:165DH         LINE#         1394
  C:165DH         LINE#         1395
  C:165DH         LINE#         1397
  C:168DH         LINE#         1398
  C:168DH         LINE#         1399
  C:16C1H         LINE#         1400
  C:16C1H         LINE#         1401
  C:16D6H         LINE#         1402
BL51 BANKED LINKER/LOCATER V6.22                                                      10/09/2015  16:50:11  PAGE 30


  C:16D6H         LINE#         1403
  C:1708H         LINE#         1404
  C:1708H         LINE#         1407
  C:1708H         LINE#         1408
  C:172FH         LINE#         1409
  C:172FH         LINE#         1410
  C:1747H         LINE#         1411
  C:1747H         LINE#         1412
  C:175FH         LINE#         1413
  C:175FH         LINE#         1416
  C:175FH         LINE#         1417
  C:1762H         LINE#         1418
  C:1765H         LINE#         1419
  C:17BEH         LINE#         1420
  C:17C1H         LINE#         1421
  C:17FBH         LINE#         1422
  C:17FBH         LINE#         1423
  C:17FBH         LINE#         1424
  C:1827H         LINE#         1425
  C:1827H         LINE#         1426
  C:182AH         LINE#         1427
  C:1860H         LINE#         1428
  C:1860H         LINE#         1429
  C:188AH         LINE#         1430
  C:188AH         LINE#         1431
  C:188DH         LINE#         1432
  C:1890H         LINE#         1433
  C:18CAH         LINE#         1434
  C:18CAH         LINE#         1435
  C:18FCH         LINE#         1436
  C:18FCH         LINE#         1437
  C:18FFH         LINE#         1438
  C:1902H         LINE#         1439
  C:195BH         LINE#         1440
  C:1991H         LINE#         1441
  C:1991H         LINE#         1442
  C:1991H         LINE#         1444
  C:19C3H         LINE#         1445
  C:19C3H         LINE#         1446
  C:19F5H         LINE#         1447
  C:19F5H         LINE#         1448
  C:1A0CH         LINE#         1449
  C:1A0CH         LINE#         1450
  C:1A3EH         LINE#         1451
  C:1A3EH         LINE#         1454
  C:1A3EH         LINE#         1455
  C:1A6DH         LINE#         1456
  C:1A6DH         LINE#         1457
  C:1A87H         LINE#         1458
  C:1A87H         LINE#         1459
  C:1A9FH         LINE#         1460
  C:1A9FH         LINE#         1463
  C:1A9FH         LINE#         1464
  C:1ADDH         LINE#         1465
  C:1B36H         LINE#         1466
  C:1B39H         LINE#         1467
  C:1B92H         LINE#         1468
BL51 BANKED LINKER/LOCATER V6.22                                                      10/09/2015  16:50:11  PAGE 31


  C:1BC8H         LINE#         1469
  C:1BC8H         LINE#         1470
  C:1BC8H         LINE#         1471
  C:1BF9H         LINE#         1472
  C:1BF9H         LINE#         1473
  C:1C37H         LINE#         1474
  C:1C71H         LINE#         1475
  C:1C71H         LINE#         1476
  C:1CA3H         LINE#         1477
  C:1CA3H         LINE#         1478
  C:1CE1H         LINE#         1479
  C:1D3AH         LINE#         1480
  C:1D70H         LINE#         1481
  C:1D70H         LINE#         1482
  C:1DA0H         LINE#         1483
  C:1DA0H         LINE#         1484
  C:1DDEH         LINE#         1485
  C:1E37H         LINE#         1486
  C:1E3AH         LINE#         1487
  C:1E74H         LINE#         1488
  C:1E74H         LINE#         1489
  C:1E74H         LINE#         1491
  C:1EA8H         LINE#         1492
  C:1EA8H         LINE#         1493
  C:1ED8H         LINE#         1494
  C:1ED8H         LINE#         1495
  C:1EEFH         LINE#         1496
  C:1EEFH         LINE#         1497
  C:1F1FH         LINE#         1498
  C:1F1FH         LINE#         1501
  C:1F1FH         LINE#         1502
  C:1F46H         LINE#         1503
  C:1F46H         LINE#         1504
  C:1F60H         LINE#         1505
  C:1F60H         LINE#         1506
  C:1F7AH         LINE#         1507
  C:1F7AH         LINE#         1510
  C:1F7AH         LINE#         1511
  C:1F7DH         LINE#         1512
  C:1F80H         LINE#         1513
  C:1FD9H         LINE#         1514
  C:1FDCH         LINE#         1515
  C:2016H         LINE#         1516
  C:2016H         LINE#         1517
  C:2016H         LINE#         1518
  C:2042H         LINE#         1519
  C:2042H         LINE#         1520
  C:2045H         LINE#         1521
  C:207BH         LINE#         1522
  C:207BH         LINE#         1523
  C:20A9H         LINE#         1524
  C:20A9H         LINE#         1525
  C:20ACH         LINE#         1526
  C:20AFH         LINE#         1527
  C:20E9H         LINE#         1528
  C:20E9H         LINE#         1529
  C:211BH         LINE#         1530
BL51 BANKED LINKER/LOCATER V6.22                                                      10/09/2015  16:50:11  PAGE 32


  C:211BH         LINE#         1531
  C:211EH         LINE#         1532
  C:2121H         LINE#         1533
  C:217AH         LINE#         1534
  C:21B0H         LINE#         1535
  C:21B0H         LINE#         1536
  C:21B0H         LINE#         1537
  C:21BCH         LINE#         1538
  C:21C8H         LINE#         1539
  -------         ENDPROC       _CIRCULARINTERPOLATION_S
  -------         PROC          INITRECEIVE
  C:6AC5H         LINE#         1542
  C:6AC5H         LINE#         1543
  C:6AC5H         LINE#         1545
  C:6ACAH         LINE#         1546
  -------         ENDPROC       INITRECEIVE
  -------         PROC          L?0510
  -------         ENDPROC       L?0510
  -------         PROC          _ISDIGIT
  D:0007H         SYMBOL        temp
  C:696CH         LINE#         1549
  C:696CH         LINE#         1550
  C:696CH         LINE#         1551
  C:69A0H         LINE#         1552
  C:69A0H         LINE#         1553
  C:69A2H         LINE#         1554
  C:69A4H         LINE#         1555
  C:69A6H         LINE#         1556
  C:69A8H         LINE#         1557
  C:69AAH         LINE#         1558
  C:69ACH         LINE#         1559
  C:69AEH         LINE#         1560
  C:69B0H         LINE#         1561
  C:69B2H         LINE#         1562
  C:69B7H         LINE#         1563
  C:69B7H         LINE#         1564
  C:69BAH         LINE#         1566
  -------         ENDPROC       _ISDIGIT
  -------         PROC          L?0509
  -------         ENDPROC       L?0509
  -------         PROC          _ISCHAR
  D:0007H         SYMBOL        temp
  C:69D3H         LINE#         1568
  C:69D3H         LINE#         1569
  C:69D3H         LINE#         1570
  C:69EEH         LINE#         1571
  C:69EEH         LINE#         1572
  C:69F0H         LINE#         1573
  C:69F2H         LINE#         1574
  C:69F4H         LINE#         1575
  C:69F6H         LINE#         1576
  C:69F8H         LINE#         1577
  C:69FAH         LINE#         1578
  C:69FFH         LINE#         1579
  C:69FFH         LINE#         1580
  C:6A02H         LINE#         1582
  -------         ENDPROC       _ISCHAR
BL51 BANKED LINKER/LOCATER V6.22                                                      10/09/2015  16:50:11  PAGE 33


  -------         PROC          _READNUMBER
  D:0023H         SYMBOL        gCode
  D:0026H         SYMBOL        i
  D:0029H         SYMBOL        figure
  -------         DO            
  D:002CH         SYMBOL        num
  D:0030H         SYMBOL        power
  D:0034H         SYMBOL        sign
  -------         ENDDO         
  C:62CFH         LINE#         1585
  C:62D5H         LINE#         1586
  C:62D5H         LINE#         1590
  C:62E2H         LINE#         1591
  C:630AH         LINE#         1592
  C:630AH         LINE#         1593
  C:631BH         LINE#         1595
  C:633BH         LINE#         1596
  C:6348H         LINE#         1598
  C:635AH         LINE#         1599
  C:63B8H         LINE#         1601
  C:63D2H         LINE#         1602
  C:63DFH         LINE#         1604
  C:63F3H         LINE#         1605
  C:63F3H         LINE#         1606
  C:6442H         LINE#         1607
  C:645CH         LINE#         1608
  C:646CH         LINE#         1610
  C:6492H         LINE#         1611
  C:649BH         LINE#         1613
  C:64BDH         LINE#         1614
  C:64BDH         LINE#         1615
  C:64CAH         LINE#         1616
  C:64CCH         LINE#         1617
  C:64D9H         LINE#         1618
  C:64D9H         LINE#         1620
  C:64D9H         LINE#         1623
  C:64D9H         LINE#         1624
  -------         ENDPROC       _READNUMBER
  -------         PROC          _RECEIVEGCODE
  D:0008H         SYMBOL        gCode
  -------         DO            
  D:0006H         SYMBOL        i
  -------         ENDDO         
  C:6A03H         LINE#         1626
  C:6A09H         LINE#         1627
  C:6A09H         LINE#         1628
  C:6A0CH         LINE#         1630
  C:6A0CH         LINE#         1631
  C:6A0CH         LINE#         1632
  C:6A0FH         LINE#         1633
  C:6A11H         LINE#         1634
  C:6A20H         LINE#         1635
  C:6A2BH         LINE#         1636
  C:6A2BH         LINE#         1637
  C:6A2BH         LINE#         1638
  C:6A2BH         LINE#         1639
  C:6A30H         LINE#         1640
BL51 BANKED LINKER/LOCATER V6.22                                                      10/09/2015  16:50:11  PAGE 34


  C:6A32H         LINE#         1641
  -------         ENDPROC       _RECEIVEGCODE
  -------         PROC          _EXPLAINGCODE
  D:0008H         SYMBOL        gCode
  D:000BH         SYMBOL        GCommand
  D:000EH         SYMBOL        X
  D:0011H         SYMBOL        Y
  D:0014H         SYMBOL        I
  D:0017H         SYMBOL        J
  -------         DO            
  D:001AH         SYMBOL        i
  D:001CH         SYMBOL        figure
  D:0020H         SYMBOL        num
  D:0022H         SYMBOL        temp
  -------         ENDDO         
  C:64DAH         LINE#         1655
  C:64E0H         LINE#         1656
  C:64E0H         LINE#         1662
  C:64FAH         LINE#         1663
  C:64FAH         LINE#         1664
  C:64FCH         LINE#         1665
  C:6508H         LINE#         1666
  C:6508H         LINE#         1669
  C:6508H         LINE#         1670
  C:6523H         LINE#         1671
  C:6532H         LINE#         1672
  C:655DH         LINE#         1673
  C:655DH         LINE#         1674
  C:655DH         LINE#         1676
  C:6576H         LINE#         1677
  C:6576H         LINE#         1678
  C:6581H         LINE#         1679
  C:658DH         LINE#         1680
  C:6599H         LINE#         1681
  C:65AEH         LINE#         1682
  C:65AEH         LINE#         1683
  C:65AEH         LINE#         1684
  C:65AEH         LINE#         1685
  C:65AEH         LINE#         1686
  C:65AEH         LINE#         1687
  C:65AEH         LINE#         1688
  C:65B3H         LINE#         1689
  C:65C1H         LINE#         1690
  C:65C1H         LINE#         1691
  C:65C5H         LINE#         1692
  C:65C9H         LINE#         1693
  C:65C9H         LINE#         1694
  C:65C9H         LINE#         1695
  C:65C9H         LINE#         1696
  C:65C9H         LINE#         1697
  C:65C9H         LINE#         1698
  C:65D7H         LINE#         1699
  C:65D9H         LINE#         1700
  C:65D9H         LINE#         1701
  C:65E7H         LINE#         1702
  C:65E9H         LINE#         1703
  C:65E9H         LINE#         1704
BL51 BANKED LINKER/LOCATER V6.22                                                      10/09/2015  16:50:11  PAGE 35


  C:65F7H         LINE#         1705
  C:65F9H         LINE#         1706
  C:65F9H         LINE#         1707
  C:660AH         LINE#         1708
  C:660CH         LINE#         1709
  C:660CH         LINE#         1710
  C:6611H         LINE#         1711
  C:6617H         LINE#         1712
  C:6617H         LINE#         1713
  C:6617H         LINE#         1714
  C:6617H         LINE#         1715
  C:6622H         LINE#         1716
  -------         ENDPROC       _EXPLAINGCODE
  -------         PROC          _EXECUTEGCODE
  D:0008H         SYMBOL        GCommand
  D:000AH         SYMBOL        X
  D:000EH         SYMBOL        Y
  D:0012H         SYMBOL        I
  D:0016H         SYMBOL        J
  C:6623H         LINE#         1719
  C:6627H         LINE#         1720
  C:6627H         LINE#         1726
  C:6632H         LINE#         1727
  C:6632H         LINE#         1728
  C:664DH         LINE#         1729
  C:6668H         LINE#         1731
  C:667BH         LINE#         1732
  C:667BH         LINE#         1733
  C:6692H         LINE#         1734
  C:66A9H         LINE#         1735
  C:66C0H         LINE#         1736
  C:66D7H         LINE#         1737
  C:66D7H         LINE#         1738
  C:66D7H         LINE#         1739
  C:66D7H         LINE#         1740
  -------         ENDPROC       _EXECUTEGCODE
  -------         PROC          MAIN
  -------         DO            
  I:0076H         SYMBOL        gCode
  I:00A8H         SYMBOL        GCommand
  I:00AAH         SYMBOL        laserFlag
  I:00ACH         SYMBOL        X
  I:00B0H         SYMBOL        Y
  I:00B4H         SYMBOL        I
  I:00B8H         SYMBOL        J
  -------         ENDDO         
  C:6836H         LINE#         1743
  C:6836H         LINE#         1744
  C:6836H         LINE#         1747
  C:683CH         LINE#         1748
  C:6840H         LINE#         1753
  C:6843H         LINE#         1754
  C:6845H         LINE#         1756
  C:6845H         LINE#         1757
  C:6845H         LINE#         1758
  C:6848H         LINE#         1759
  C:6851H         LINE#         1760
BL51 BANKED LINKER/LOCATER V6.22                                                      10/09/2015  16:50:11  PAGE 36


  C:6887H         LINE#         1761
  C:68C5H         LINE#         1762
  -------         ENDPROC       MAIN
  -------         ENDMOD        ____________________________FINAL_______

  -------         MODULE        ?C?FPADD
  C:2E1BH         PUBLIC        ?C?FPADD
  C:2E17H         PUBLIC        ?C?FPSUB
  -------         ENDMOD        ?C?FPADD

  -------         MODULE        ?C?FPMUL
  C:2F0CH         PUBLIC        ?C?FPMUL
  -------         ENDMOD        ?C?FPMUL

  -------         MODULE        ?C?FPDIV
  C:3015H         PUBLIC        ?C?FPDIV
  -------         ENDMOD        ?C?FPDIV

  -------         MODULE        ?C?FPCMP
  C:30B4H         PUBLIC        ?C?FPCMP
  C:30B2H         PUBLIC        ?C?FPCMP3
  -------         ENDMOD        ?C?FPCMP

  -------         MODULE        ?C?FCAST
  C:3135H         PUBLIC        ?C?FCASTC
  C:3130H         PUBLIC        ?C?FCASTI
  C:312BH         PUBLIC        ?C?FCASTL
  -------         ENDMOD        ?C?FCAST

  -------         MODULE        ?C?CASTF
  C:3169H         PUBLIC        ?C?CASTF
  -------         ENDMOD        ?C?CASTF

  -------         MODULE        FABS
  C:6AD3H         PUBLIC        _FABS
  -------         ENDMOD        FABS

  -------         MODULE        SQRT
  C:6790H         PUBLIC        _SQRT
  -------         ENDMOD        SQRT

  -------         MODULE        ?C?CLDOPTR
  C:31EAH         PUBLIC        ?C?CLDOPTR
  -------         ENDMOD        ?C?CLDOPTR

  -------         MODULE        ?C?CSTOPTR
  C:3217H         PUBLIC        ?C?CSTOPTR
  -------         ENDMOD        ?C?CSTOPTR

  -------         MODULE        ?C?ILDPTR
  C:3239H         PUBLIC        ?C?ILDPTR
  -------         ENDMOD        ?C?ILDPTR

  -------         MODULE        ?C?IILDPTR
  C:3264H         PUBLIC        ?C?IILDPTR
  -------         ENDMOD        ?C?IILDPTR

BL51 BANKED LINKER/LOCATER V6.22                                                      10/09/2015  16:50:11  PAGE 37


  -------         MODULE        ?C?ISTPTR
  C:329CH         PUBLIC        ?C?ISTPTR
  -------         ENDMOD        ?C?ISTPTR

  -------         MODULE        ?C?LNEG
  C:32BBH         PUBLIC        ?C?LNEG
  -------         ENDMOD        ?C?LNEG

  -------         MODULE        ?C?LSTPTR
  C:32C9H         PUBLIC        ?C?LSTPTR
  -------         ENDMOD        ?C?LSTPTR

  -------         MODULE        ?C?LLDIDATA
  C:32E3H         PUBLIC        ?C?LLDIDATA
  -------         ENDMOD        ?C?LLDIDATA

  -------         MODULE        ?C?IILDX
  C:32EFH         PUBLIC        ?C?IILDX
  -------         ENDMOD        ?C?IILDX

  -------         MODULE        ?C?LSTIDATA
  C:3305H         PUBLIC        ?C?LSTIDATA
  -------         ENDMOD        ?C?LSTIDATA

  -------         MODULE        ?C?LSTXDATA
  C:3311H         PUBLIC        ?C?LSTXDATA
  -------         ENDMOD        ?C?LSTXDATA

  -------         MODULE        ?C?LSTPDATA
  C:331DH         PUBLIC        ?C?LSTPDATA
  -------         ENDMOD        ?C?LSTPDATA

Program Size: data=189.0 xdata=0 code=27362
LINK/LOCATE RUN COMPLETE.  0 WARNING(S),  0 ERROR(S)
